// Jest Snapshot v1, https://goo.gl/fbAQLP

exports[`renders correctly cart page 1`] = `"<div data-server-rendered=\\"true\\"><h1>Корзина</h1> <p>Пока пусто!</p></div>"`;
