// Jest Snapshot v1, https://goo.gl/fbAQLP

exports[`renders correctly contacts page 1`] = `"<div data-server-rendered=\\"true\\"><h1>Контакты</h1> <p>russkay-lady@yandex.ru</p></div>"`;
